// Jest Snapshot v1, https://goo.gl/fbAQLP

exports[`Testing Avatar  should  render correctly 1`] = `ShallowWrapper {}`;

exports[`Testing Input FIeld should  render correctly 1`] = `ShallowWrapper {}`;
